
> careerforge-ai@0.1.0 build
> next build

Γû▓ Next.js 16.1.6 (Turbopack)
- Environments: .env

  Creating an optimized production build ...
node.exe : 
At line:1 char:1
+ & "C:\Program 
Files\nodejs/node.exe" 
"C:\Users\Aaditi\AppDat
a\Roaming ...
+ ~~~~~~~~~~~~~~~~~~~~~
~~~~~~~~~~~~~~~~~~~~~~~
~~~~~~~~~~~~~~~~~~~~~~~
~~
    + CategoryInfo     
         : NotSpecifi  
  ed: (:String) [],    
 RemoteException
    + FullyQualifiedEr 
   rorId : NativeComm  
  andError
 
> Build error occurred
Error: Turbopack build 
failed with 1 errors:
./app/(main)/ai-cover-l
etter/_components/cover
-letter-preview.jsx:1:4
Parsing ecmascript 
source code failed
[0m[31m[1m>[22m[39
m[90m 1 |[39m [35m40
4[39m[33m:[39m 
[33mNot[39m 
[33mFound[39m
 [90m   |[39m    [31
m[1m^[22m[39m[0m

Expected ';', '}' or 
<eof>

Import trace:
  Server Component:
    ./app/(main)/ai-cov
er-letter/_components/c
over-letter-preview.jsx
    ./app/(main)/ai-cov
er-letter/[id]/page.jsx


    at <unknown> (./app
/(main)/ai-cover-letter
/_components/cover-lett
er-preview.jsx:1:4)
